[10:57:36.647] CLIENT -> SERVER
XT PACKET
  fields:
    type: xt
    server_header: EmpireEx_21
    command: mmr
    request_id: 1
    payload: {"MID":2214291443}

  json_payload:
{
  "MID": 2214291443
}

  raw:
%xt%EmpireEx_21%mmr%1%{"MID":2214291443}%
---
[10:57:36.711] CLIENT -> SERVER
XT PACKET
  fields:
    type: xt
    server_header: EmpireEx_21
    command: rms
    request_id: 1
    payload: {"MID":2214291443}

  json_payload:
{
  "MID": 2214291443
}

  raw:
%xt%EmpireEx_21%rms%1%{"MID":2214291443}%
---
[10:57:36.827] SERVER -> CLIENT
XT PACKET
  fields:
    type: xt
    command: rms
    request_id: 1
    status: 0
    payload: {"MID":2214291443,"MTXT":"I have to go, I can understand, your all better players then I am, and you only have so much room, so thank you for having me over,and take care."}

  json_payload:
{
  "MID": 2214291443,
  "MTXT": "I have to go, I can understand, your all better players then I am, and you only have so much room, so thank you for having me over,and take care."
}

  raw:
%xt%rms%1%0%{"MID":2214291443,"MTXT":"I have to go, I can understand, your all better players then I am, and you only have so much room, so thank you for having me over,and take care."}%
---
[10:57:39.338] SERVER -> CLIENT
XT PACKET
  fields:
    type: xt
    command: rue
    request_id: 1
    status: 0
    payload: {"AID":16673031,"SID":0,"WID":607,"NUA":17544,"RUA":6}

  json_payload:
{
  "AID": 16673031,
  "NUA": 17544,
  "RUA": 6,
  "SID": 0,
  "WID": 607
}

  raw:
%xt%rue%1%0%{"AID":16673031,"SID":0,"WID":607,"NUA":17544,"RUA":6}%
---
[10:57:41.398] CLIENT -> SERVER
XT PACKET
  fields:
    type: xt
    server_header: EmpireEx_21
    command: gdi
    request_id: 1
    payload: {"PID":8084471}

  json_payload:
{
  "PID": 8084471
}

  raw:
%xt%EmpireEx_21%gdi%1%{"PID":8084471}%
---
[10:57:41.528] SERVER -> CLIENT
XT PACKET
  fields:
    type: xt
    command: gdi
    request_id: 1
    status: 0
    payload: {"O":{"OID":8084471,"DUM":false,"N":"Lloyd of Whales","E":{"BGT":2,"BGC1":11993088,"BGC2":1009082,"SPT":1,"S1":44,"SC1":14408394,"S2":44,"SC2":14408394,"IS":1},"L":70,"LL":950,"H":1077,"AVP":78110,"CF":29866195,"HF":64006943,"PRE":13,"SUF":28,"TOPX":-1,"MP":2241043,"R":0,"AID":7727,"AR":9,"AN":"Vikings","aee":{"ACCA":{"ACLI":8,"ACCS":[18,12]},"ACFB":{}},"RPT":0,"AP":[[0,4674231,365,824,4],[0,6053266,359,825,4],[0,9133307,347,828,1],[0,13651376,353,827,4],[1,10407438,746,549,12],[2,9331325,887,512,12],[3,11377303,876,719,12],[4,136,657,661,12],[0,16687905,358,839,26],[[10,449,1319,5]]],"VP":[[2,2552958,889,514,10]],"SA":0,"VF":0,"PF":1,"RRD":0,"TI":-1,"RNP":-1,"FN":{"MC":449,"FID":0,"TID":111,"NS":-1,"PMS":-1,"PMT":0,"SPC":0}},"gcl":{"PID":8084471,"C":[{"KID":0,"AI":[{"AI":[4,365,824,4674231,8084471,5,5,5,5,5,"Ireland",0,0,-1,5,-1,0,0,[],0]},{"AI":[4,359,825,6053266,8084471,5,5,5,5,5,"London",0,0,-1,7,-1,0,0,[],0]},{"AI":[1,347,828,9133307,8084471,7,8,8,8,4,"Lloyd Of Whales",0,0,-1,-1,-1,0,944,[],0]},{"AI":[4,353,827,13651376,8084471,5,5,5,5,2,"Scottland3",0,0,-1,7,-1,0,0,[],0]}]},{"KID":1,"AI":[{"AI":[12,746,549,10407438,8084471,5,5,5,5,2,"Australia",0,0,-1,-1,-1,1,843,[],0]}]},{"KID":2,"AI":[{"AI":[12,887,512,9331325,8084471,5,5,5,5,2,"New Zealand",0,0,-1,-1,-1,2,898,[],0]}]},{"KID":3,"AI":[{"AI":[12,876,719,11377303,8084471,5,5,5,5,2,"South Africa",0,0,-1,-1,-1,3,1029,[],0]}]},{"KID":4,"AI":[{"AI":[12,657,661,136,8084471,2,3,3,3,0,"FISH",0,0,-1,-1,-1,4,693,[],0]}]},{"KID":10,"AI":[{"AI":[15,1319,5,449,8084471,0,2,2,2,0,"GOODY",0,-1,-1,-1,-1,10,0,0]}]}]},"gkl":{"AI":[]},"gml":{"AI":[[[26,358,839,16687905,8084471,1,5,0,-1,"Whale"]]]},"gll":{"AI":[]},"kgv":{"VI":[[[10,889,514,2552958,8084471,2,2,-1,"LOW1"]]],"PV":[{"VID":0,"XID":165},{"VID":1,"XID":154},{"VID":2,"XID":180},{"VID":3,"XID":180},{"VID":4,"XID":180},{"VID":5,"XID":180},{"VID":6,"XID":180},{"VID":7,"XID":165},{"VID":8,"XID":180},{"VID":9,"XID":180},{"VID":10,"XID":195},{"VID":11,"XID":195},{"VID":12,"XID":180},{"VID":13,"XID":195},{"VID":14,"XID":190},{"VID":15,"XID":195},{"VID":16,"XID":195},{"VID":17,"XID":195},{"VID":18,"XID":195},{"VID":19,"XID":185},{"VID":20,"XID":195},{"VID":21,"XID":185},{"VID":22,"XID":185},{"VID":23,"XID":181},{"VID":24,"XID":130},{"VID":25,"XID":140},{"VID":26,"XID":186},{"VID":27,"XID":186},{"VID":28,"XID":140},{"VID":29,"XID":140},{"VID":30,"XID":140},{"VID":31,"XID":185},{"VID":32,"XID":185},{"VID":33,"XID":90},{"VID":34,"XID":90},{"VID":35,"XID":90},{"VID":36,"XID":90},{"VID":37,"XID":90},{"VID":38,"XID":60},{"VID":39,"XID":60},{"VID":40,"XID":60},{"VID":41,"XID":50},{"VID":42,"XID":50},{"VID":43,"XID":165},{"VID":44,"XID":130},{"VID":45,"XID":130},{"VID":46,"XID":130},{"VID":47,"XID":140},{"VID":48,"XID":140},{"VID":49,"XID":140},{"VID":50,"XID":90},{"VID":51,"XID":90},{"VID":52,"XID":90},{"VID":53,"XID":90},{"VID":54,"XID":90},{"VID":55,"XID":100},{"VID":56,"XID":100},{"VID":57,"XID":100},{"VID":58,"XID":100},{"VID":59,"XID":100},{"VID":60,"XID":100},{"VID":61,"XID":100},{"VID":62,"XID":100},{"VID":63,"XID":100},{"VID":64,"XID":100},{"VID":65,"XID":180},{"VID":66,"XID":195},{"VID":67,"XID":50},{"VID":68,"XID":50},{"VID":69,"XID":60},{"VID":70,"XID":60},{"VID":71,"XID":165},{"VID":72,"XID":193}]},"atl":{},"tie":{"T":[]}}

  json_payload:
{
  "O": {
    "AID": 7727,
    "AN": "Vikings",
    "AP": [
      [
        0,
        4674231,
        365,
        824,
        4
      ],
      [
        0,
        6053266,
        359,
        825,
        4
      ],
      [
        0,
        9133307,
        347,
        828,
        1
      ],
      [
        0,
        13651376,
        353,
        827,
        4
      ],
      [
        1,
        10407438,
        746,
        549,
        12
      ],
      [
        2,
        9331325,
        887,
        512,
        12
      ],
      [
        3,
        11377303,
        876,
        719,
        12
      ],
      [
        4,
        136,
        657,
        661,
        12
      ],
      [
        0,
        16687905,
        358,
        839,
        26
      ],
      [
        [
          10,
          449,
          1319,
          5
        ]
      ]
    ],
    "AR": 9,
    "AVP": 78110,
    "CF": 29866195,
    "DUM": false,
    "E": {
      "BGC1": 11993088,
      "BGC2": 1009082,
      "BGT": 2,
      "IS": 1,
      "S1": 44,
      "S2": 44,
      "SC1": 14408394,
      "SC2": 14408394,
      "SPT": 1
    },
    "FN": {
      "FID": 0,
      "MC": 449,
      "NS": -1,
      "PMS": -1,
      "PMT": 0,
      "SPC": 0,
      "TID": 111
    },
    "H": 1077,
    "HF": 64006943,
    "L": 70,
    "LL": 950,
    "MP": 2241043,
    "N": "Lloyd of Whales",
    "OID": 8084471,
    "PF": 1,
    "PRE": 13,
    "R": 0,
    "RNP": -1,
    "RPT": 0,
    "RRD": 0,
    "SA": 0,
    "SUF": 28,
    "TI": -1,
    "TOPX": -1,
    "VF": 0,
    "VP": [
      [
        2,
        2552958,
        889,
        514,
        10
      ]
    ],
    "aee": {
      "ACCA": {
        "ACCS": [
          18,
          12
        ],
        "ACLI": 8
      },
      "ACFB": {}
    }
  },
  "atl": {},
  "gcl": {
    "C": [
      {
        "AI": [
          {
            "AI": [
              4,
              365,
              824,
              4674231,
              8084471,
              5,
              5,
              5,
              5,
              5,
              "Ireland",
              0,
              0,
              -1,
              5,
              -1,
              0,
              0,
              [],
              0
            ]
          },
          {
            "AI": [
              4,
              359,
              825,
              6053266,
              8084471,
              5,
              5,
              5,
              5,
              5,
              "London",
              0,
              0,
              -1,
              7,
              -1,
              0,
              0,
              [],
              0
            ]
          },
          {
            "AI": [
              1,
              347,
              828,
              9133307,
              8084471,
              7,
              8,
              8,
              8,
              4,
              "Lloyd Of Whales",
              0,
              0,
              -1,
              -1,
              -1,
              0,
              944,
              [],
              0
            ]
          },
          {
            "AI": [
              4,
              353,
              827,
              13651376,
              8084471,
              5,
              5,
              5,
              5,
              2,
              "Scottland3",
              0,
              0,
              -1,
              7,
              -1,
              0,
              0,
              [],
              0
            ]
          }
        ],
        "KID": 0
      },
      {
        "AI": [
          {
            "AI": [
              12,
              746,
              549,
              10407438,
              8084471,
              5,
              5,
              5,
              5,
              2,
              "Australia",
              0,
              0,
              -1,
              -1,
              -1,
              1,
              843,
              [],
              0
            ]
          }
        ],
        "KID": 1
      },
      {
        "AI": [
          {
            "AI": [
              12,
              887,
              512,
              9331325,
              8084471,
              5,
              5,
              5,
              5,
              2,
              "New Zealand",
              0,
              0,
              -1,
              -1,
              -1,
              2,
              898,
              [],
              0
            ]
          }
        ],
        "KID": 2
      },
      {
        "AI": [
          {
            "AI": [
              12,
              876,
              719,
              11377303,
              8084471,
              5,
              5,
              5,
              5,
              2,
              "South Africa",
              0,
              0,
              -1,
              -1,
              -1,
              3,
              1029,
              [],
              0
            ]
          }
        ],
        "KID": 3
      },
      {
        "AI": [
          {
            "AI": [
              12,
              657,
              661,
              136,
              8084471,
              2,
              3,
              3,
              3,
              0,
              "FISH",
              0,
              0,
              -1,
              -1,
              -1,
              4,
              693,
              [],
              0
            ]
          }
        ],
        "KID": 4
      },
      {
        "AI": [
          {
            "AI": [
              15,
              1319,
              5,
              449,
              8084471,
              0,
              2,
              2,
              2,
              0,
              "GOODY",
              0,
              -1,
              -1,
              -1,
              -1,
              10,
              0,
              0
            ]
          }
        ],
        "KID": 10
      }
    ],
    "PID": 8084471
  },
  "gkl": {
    "AI": []
  },
  "gll": {
    "AI": []
  },
  "gml": {
    "AI": [
      [
        [
          26,
          358,
          839,
          16687905,
          8084471,
          1,
          5,
          0,
          -1,
          "Whale"
        ]
      ]
    ]
  },
  "kgv": {
    "PV": [
      {
        "VID": 0,
        "XID": 165
      },
      {
        "VID": 1,
        "XID": 154
      },
      {
        "VID": 2,
        "XID": 180
      },
      {
        "VID": 3,
        "XID": 180
      },
      {
        "VID": 4,
        "XID": 180
      },
      {
        "VID": 5,
        "XID": 180
      },
      {
        "VID": 6,
        "XID": 180
      },
      {
        "VID": 7,
        "XID": 165
      },
      {
        "VID": 8,
        "XID": 180
      },
      {
        "VID": 9,
        "XID": 180
      },
      {
        "VID": 10,
        "XID": 195
      },
      {
        "VID": 11,
        "XID": 195
      },
      {
        "VID": 12,
        "XID": 180
      },
      {
        "VID": 13,
        "XID": 195
      },
      {
        "VID": 14,
        "XID": 190
      },
      {
        "VID": 15,
        "XID": 195
      },
      {
        "VID": 16,
        "XID": 195
      },
      {
        "VID": 17,
        "XID": 195
      },
      {
        "VID": 18,
        "XID": 195
      },
      {
        "VID": 19,
        "XID": 185
      },
      {
        "VID": 20,
        "XID": 195
      },
      {
        "VID": 21,
        "XID": 185
      },
      {
        "VID": 22,
        "XID": 185
      },
      {
        "VID": 23,
        "XID": 181
      },
      {
        "VID": 24,
        "XID": 130
      },
      {
        "VID": 25,
        "XID": 140
      },
      {
        "VID": 26,
        "XID": 186
      },
      {
        "VID": 27,
        "XID": 186
      },
      {
        "VID": 28,
        "XID": 140
      },
      {
        "VID": 29,
        "XID": 140
      },
      {
        "VID": 30,
        "XID": 140
      },
      {
        "VID": 31,
        "XID": 185
      },
      {
        "VID": 32,
        "XID": 185
      },
      {
        "VID": 33,
        "XID": 90
      },
      {
        "VID": 34,
        "XID": 90
      },
      {
        "VID": 35,
        "XID": 90
      },
      {
        "VID": 36,
        "XID": 90
      },
      {
        "VID": 37,
        "XID": 90
      },
      {
        "VID": 38,
        "XID": 60
      },
      {
        "VID": 39,
        "XID": 60
      },
      {
        "VID": 40,
        "XID": 60
      },
      {
        "VID": 41,
        "XID": 50
      },
      {
        "VID": 42,
        "XID": 50
      },
      {
        "VID": 43,
        "XID": 165
      },
      {
        "VID": 44,
        "XID": 130
      },
      {
        "VID": 45,
        "XID": 130
      },
      {
        "VID": 46,
        "XID": 130
      },
      {
        "VID": 47,
        "XID": 140
      },
      {
        "VID": 48,
        "XID": 140
      },
      {
        "VID": 49,
        "XID": 140
      },
      {
        "VID": 50,
        "XID": 90
      },
      {
        "VID": 51,
        "XID": 90
      },
      {
        "VID": 52,
        "XID": 90
      },
      {
        "VID": 53,
        "XID": 90
      },
      {
        "VID": 54,
        "XID": 90
      },
      {
        "VID": 55,
        "XID": 100
      },
      {
        "VID": 56,
        "XID": 100
      },
      {
        "VID": 57,
        "XID": 100
      },
      {
        "VID": 58,
        "XID": 100
      },
      {
        "VID": 59,
        "XID": 100
      },
      {
        "VID": 60,
        "XID": 100
      },
      {
        "VID": 61,
        "XID": 100
      },
      {
        "VID": 62,
        "XID": 100
      },
      {
        "VID": 63,
        "XID": 100
      },
      {
        "VID": 64,
        "XID": 100
      },
      {
        "VID": 65,
        "XID": 180
      },
      {
        "VID": 66,
        "XID": 195
      },
      {
        "VID": 67,
        "XID": 50
      },
      {
        "VID": 68,
        "XID": 50
      },
      {
        "VID": 69,
        "XID": 60
      },
      {
        "VID": 70,
        "XID": 60
      },
      {
        "VID": 71,
        "XID": 165
      },
      {
        "VID": 72,
        "XID": 193
      }
    ],
    "VI": [
      [
        [
          10,
          889,
          514,
          2552958,
          8084471,
          2,
          2,
          -1,
          "LOW1"
        ]
      ]
    ]
  },
  "tie": {
    "T": []
  }
}

  raw:
%xt%gdi%1%0%{"O":{"OID":8084471,"DUM":false,"N":"Lloyd of Whales","E":{"BGT":2,"BGC1":11993088,"BGC2":1009082,"SPT":1,"S1":44,"SC1":14408394,"S2":44,"SC2":14408394,"IS":1},"L":70,"LL":950,"H":1077,"AVP":78110,"CF":29866195,"HF":64006943,"PRE":13,"SUF":28,"TOPX":-1,"MP":2241043,"R":0,"AID":7727,"AR":9,"AN":"Vikings","aee":{"ACCA":{"ACLI":8,"ACCS":[18,12]},"ACFB":{}},"RPT":0,"AP":[[0,4674231,365,824,4],[0,6053266,359,825,4],[0,9133307,347,828,1],[0,13651376,353,827,4],[1,10407438,746,549,12],[2,9331325,887,512,12],[3,11377303,876,719,12],[4,136,657,661,12],[0,16687905,358,839,26],[[10,449,1319,5]]],"VP":[[2,2552958,889,514,10]],"SA":0,"VF":0,"PF":1,"RRD":0,"TI":-1,"RNP":-1,"FN":{"MC":449,"FID":0,"TID":111,"NS":-1,"PMS":-1,"PMT":0,"SPC":0}},"gcl":{"PID":8084471,"C":[{"KID":0,"AI":[{"AI":[4,365,824,4674231,8084471,5,5,5,5,5,"Ireland",0,0,-1,5,-1,0,0,[],0]},{"AI":[4,359,825,6053266,8084471,5,5,5,5,5,"London",0,0,-1,7,-1,0,0,[],0]},{"AI":[1,347,828,9133307,8084471,7,8,8,8,4,"Lloyd Of Whales",0,0,-1,-1,-1,0,944,[],0]},{"AI":[4,353,827,13651376,8084471,5,5,5,5,2,"Scottland3",0,0,-1,7,-1,0,0,[],0]}]},{"KID":1,"AI":[{"AI":[12,746,549,10407438,8084471,5,5,5,5,2,"Australia",0,0,-1,-1,-1,1,843,[],0]}]},{"KID":2,"AI":[{"AI":[12,887,512,9331325,8084471,5,5,5,5,2,"New Zealand",0,0,-1,-1,-1,2,898,[],0]}]},{"KID":3,"AI":[{"AI":[12,876,719,11377303,8084471,5,5,5,5,2,"South Africa",0,0,-1,-1,-1,3,1029,[],0]}]},{"KID":4,"AI":[{"AI":[12,657,661,136,8084471,2,3,3,3,0,"FISH",0,0,-1,-1,-1,4,693,[],0]}]},{"KID":10,"AI":[{"AI":[15,1319,5,449,8084471,0,2,2,2,0,"GOODY",0,-1,-1,-1,-1,10,0,0]}]}]},"gkl":{"AI":[]},"gml":{"AI":[[[26,358,839,16687905,8084471,1,5,0,-1,"Whale"]]]},"gll":{"AI":[]},"kgv":{"VI":[[[10,889,514,2552958,8084471,2,2,-1,"LOW1"]]],"PV":[{"VID":0,"XID":165},{"VID":1,"XID":154},{"VID":2,"XID":180},{"VID":3,"XID":180},{"VID":4,"XID":180},{"VID":5,"XID":180},{"VID":6,"XID":180},{"VID":7,"XID":165},{"VID":8,"XID":180},{"VID":9,"XID":180},{"VID":10,"XID":195},{"VID":11,"XID":195},{"VID":12,"XID":180},{"VID":13,"XID":195},{"VID":14,"XID":190},{"VID":15,"XID":195},{"VID":16,"XID":195},{"VID":17,"XID":195},{"VID":18,"XID":195},{"VID":19,"XID":185},{"VID":20,"XID":195},{"VID":21,"XID":185},{"VID":22,"XID":185},{"VID":23,"XID":181},{"VID":24,"XID":130},{"VID":25,"XID":140},{"VID":26,"XID":186},{"VID":27,"XID":186},{"VID":28,"XID":140},{"VID":29,"XID":140},{"VID":30,"XID":140},{"VID":31,"XID":185},{"VID":32,"XID":185},{"VID":33,"XID":90},{"VID":34,"XID":90},{"VID":35,"XID":90},{"VID":36,"XID":90},{"VID":37,"XID":90},{"VID":38,"XID":60},{"VID":39,"XID":60},{"VID":40,"XID":60},{"VID":41,"XID":50},{"VID":42,"XID":50},{"VID":43,"XID":165},{"VID":44,"XID":130},{"VID":45,"XID":130},{"VID":46,"XID":130},{"VID":47,"XID":140},{"VID":48,"XID":140},{"VID":49,"XID":140},{"VID":50,"XID":90},{"VID":51,"XID":90},{"VID":52,"XID":90},{"VID":53,"XID":90},{"VID":54,"XID":90},{"VID":55,"XID":100},{"VID":56,"XID":100},{"VID":57,"XID":100},{"VID":58,"XID":100},{"VID":59,"XID":100},{"VID":60,"XID":100},{"VID":61,"XID":100},{"VID":62,"XID":100},{"VID":63,"XID":100},{"VID":64,"XID":100},{"VID":65,"XID":180},{"VID":66,"XID":195},{"VID":67,"XID":50},{"VID":68,"XID":50},{"VID":69,"XID":60},{"VID":70,"XID":60},{"VID":71,"XID":165},{"VID":72,"XID":193}]},"atl":{},"tie":{"T":[]}}%
---
[10:57:46.294] SERVER -> CLIENT
XT PACKET
  fields:
    type: xt
    command: irc
    request_id: 1
    status: 0
    payload: {"G":[["S",3]]}

  json_payload:
{
  "G": [
    [
      "S",
      3
    ]
  ]
}

  raw:
%xt%irc%1%0%{"G":[["S",3]]}%
---
