[08:19:39.682] CLIENT -> SERVER
XT PACKET
  fields:
    type: xt
    server_header: EmpireEx_21
    command: pin
    request_id: 1
    payload: <RoundHouseKick>

  payload:
'<RoundHouseKick>'

  raw:
%xt%EmpireEx_21%pin%1%<RoundHouseKick>%
---
[08:19:41.573] SERVER -> CLIENT
XT PACKET
  fields:
    type: xt
    command: irc
    request_id: 1
    status: 0
    payload: {"G":[["S",5]]}

  json_payload:
{
  "G": [
    [
      "S",
      5
    ]
  ]
}

  raw:
%xt%irc%1%0%{"G":[["S",5]]}%
---
[08:19:45.726] SERVER -> CLIENT
XT PACKET
  fields:
    type: xt
    command: gie
    request_id: 1
    status: 0
    payload: {"G":[{"GID":101,"XP":156750,"ST":1,"IN":0,"LU":0,"W":2506,"D":11,"SIDS":[10110053,101023,10110343,10110203],"GASAIDS":[[101011,10203],[101013,10053],[101012,10343]]},{"GID":102,"XP":409500,"ST":3,"IN":0,"LU":1,"W":2065,"D":8,"SIDS":[10210013,102019],"GASAIDS":[[101022,10013]]},{"GID":103,"XP":104500,"ST":1,"IN":0,"LU":0,"W":2117,"D":24,"SIDS":[10310013,10310263,10310073,103020,10310303],"GASAIDS":[[101031,10073],[101033,10013],[101032,10263]]},{"GID":104,"XP":282579,"ST":3,"IN":0,"LU":0,"W":5573,"D":25,"SIDS":[10410183,10410153,104036,10410013,104009],"GASAIDS":[[101047,10183],[101046,10153]]},{"GID":105,"XP":348000,"ST":2,"IN":0,"LU":0,"W":2520,"D":15,"SIDS":[10510393,10510113,105048,105024],"GASAIDS":[[101053,10393],[101052,10113]]},{"GID":120,"XP":226252,"ST":2,"IN":0,"LU":1,"W":3171,"D":44,"SIDS":[120078,12010133,12010013,12010103,12010191],"GASAIDS":[[101201,10013],[101203,10191],[101202,10103]]},{"GID":122,"XP":27000,"ST":0,"IN":0,"LU":1,"W":3460,"D":24,"SIDS":[],"GASAIDS":[]},{"GID":123,"XP":13500,"ST":0,"IN":0,"LU":0,"W":4368,"D":36,"SIDS":[12310023,123007],"GASAIDS":[[101231,10023]]},{"GID":125,"XP":40500,"ST":0,"IN":0,"LU":0,"W":280,"D":0,"SIDS":[],"GASAIDS":[]},{"GID":127,"XP":32400,"ST":0,"IN":0,"LU":1,"W":1544,"D":7,"SIDS":[],"GASAIDS":[]}]}

  json_payload:
{
  "G": [
    {
      "D": 11,
      "GASAIDS": [
        [
          101011,
          10203
        ],
        [
          101013,
          10053
        ],
        [
          101012,
          10343
        ]
      ],
      "GID": 101,
      "IN": 0,
      "LU": 0,
      "SIDS": [
        10110053,
        101023,
        10110343,
        10110203
      ],
      "ST": 1,
      "W": 2506,
      "XP": 156750
    },
    {
      "D": 8,
      "GASAIDS": [
        [
          101022,
          10013
        ]
      ],
      "GID": 102,
      "IN": 0,
      "LU": 1,
      "SIDS": [
        10210013,
        102019
      ],
      "ST": 3,
      "W": 2065,
      "XP": 409500
    },
    {
      "D": 24,
      "GASAIDS": [
        [
          101031,
          10073
        ],
        [
          101033,
          10013
        ],
        [
          101032,
          10263
        ]
      ],
      "GID": 103,
      "IN": 0,
      "LU": 0,
      "SIDS": [
        10310013,
        10310263,
        10310073,
        103020,
        10310303
      ],
      "ST": 1,
      "W": 2117,
      "XP": 104500
    },
    {
      "D": 25,
      "GASAIDS": [
        [
          101047,
          10183
        ],
        [
          101046,
          10153
        ]
      ],
      "GID": 104,
      "IN": 0,
      "LU": 0,
      "SIDS": [
        10410183,
        10410153,
        104036,
        10410013,
        104009
      ],
      "ST": 3,
      "W": 5573,
      "XP": 282579
    },
    {
      "D": 15,
      "GASAIDS": [
        [
          101053,
          10393
        ],
        [
          101052,
          10113
        ]
      ],
      "GID": 105,
      "IN": 0,
      "LU": 0,
      "SIDS": [
        10510393,
        10510113,
        105048,
        105024
      ],
      "ST": 2,
      "W": 2520,
      "XP": 348000
    },
    {
      "D": 44,
      "GASAIDS": [
        [
          101201,
          10013
        ],
        [
          101203,
          10191
        ],
        [
          101202,
          10103
        ]
      ],
      "GID": 120,
      "IN": 0,
      "LU": 1,
      "SIDS": [
        120078,
        12010133,
        12010013,
        12010103,
        12010191
      ],
      "ST": 2,
      "W": 3171,
      "XP": 226252
    },
    {
      "D": 24,
      "GASAIDS": [],
      "GID": 122,
      "IN": 0,
      "LU": 1,
      "SIDS": [],
      "ST": 0,
      "W": 3460,
      "XP": 27000
    },
    {
      "D": 36,
      "GASAIDS": [
        [
          101231,
          10023
        ]
      ],
      "GID": 123,
      "IN": 0,
      "LU": 0,
      "SIDS": [
        12310023,
        123007
      ],
      "ST": 0,
      "W": 4368,
      "XP": 13500
    },
    {
      "D": 0,
      "GASAIDS": [],
      "GID": 125,
      "IN": 0,
      "LU": 0,
      "SIDS": [],
      "ST": 0,
      "W": 280,
      "XP": 40500
    },
    {
      "D": 7,
      "GASAIDS": [],
      "GID": 127,
      "IN": 0,
      "LU": 1,
      "SIDS": [],
      "ST": 0,
      "W": 1544,
      "XP": 32400
    }
  ]
}

  raw:
%xt%gie%1%0%{"G":[{"GID":101,"XP":156750,"ST":1,"IN":0,"LU":0,"W":2506,"D":11,"SIDS":[10110053,101023,10110343,10110203],"GASAIDS":[[101011,10203],[101013,10053],[101012,10343]]},{"GID":102,"XP":409500,"ST":3,"IN":0,"LU":1,"W":2065,"D":8,"SIDS":[10210013,102019],"GASAIDS":[[101022,10013]]},{"GID":103,"XP":104500,"ST":1,"IN":0,"LU":0,"W":2117,"D":24,"SIDS":[10310013,10310263,10310073,103020,10310303],"GASAIDS":[[101031,10073],[101033,10013],[101032,10263]]},{"GID":104,"XP":282579,"ST":3,"IN":0,"LU":0,"W":5573,"D":25,"SIDS":[10410183,10410153,104036,10410013,104009],"GASAIDS":[[101047,10183],[101046,10153]]},{"GID":105,"XP":348000,"ST":2,"IN":0,"LU":0,"W":2520,"D":15,"SIDS":[10510393,10510113,105048,105024],"GASAIDS":[[101053,10393],[101052,10113]]},{"GID":120,"XP":226252,"ST":2,"IN":0,"LU":1,"W":3171,"D":44,"SIDS":[120078,12010133,12010013,12010103,12010191],"GASAIDS":[[101201,10013],[101203,10191],[101202,10103]]},{"GID":122,"XP":27000,"ST":0,"IN":0,"LU":1,"W":3460,"D":24,"SIDS":[],"GASAIDS":[]},{"GID":123,"XP":13500,"ST":0,"IN":0,"LU":0,"W":4368,"D":36,"SIDS":[12310023,123007],"GASAIDS":[[101231,10023]]},{"GID":125,"XP":40500,"ST":0,"IN":0,"LU":0,"W":280,"D":0,"SIDS":[],"GASAIDS":[]},{"GID":127,"XP":32400,"ST":0,"IN":0,"LU":1,"W":1544,"D":7,"SIDS":[],"GASAIDS":[]}]}%
---
[08:19:45.731] SERVER -> CLIENT
XT PACKET
  fields:
    type: xt
    command: ufp
    request_id: 1
    status: 0
    payload: {"CFP":123423,"HFP":1653355,"NHT":-1}

  json_payload:
{
  "CFP": 123423,
  "HFP": 1653355,
  "NHT": -1
}

  raw:
%xt%ufp%1%0%{"CFP":123423,"HFP":1653355,"NHT":-1}%
---
[08:19:45.731] SERVER -> CLIENT
XT PACKET
  fields:
    type: xt
    command: gmu
    request_id: 1
    status: 0
    payload: {"MP":27828847,"TSBM":293988,"HMP":62904970}

  json_payload:
{
  "HMP": 62904970,
  "MP": 27828847,
  "TSBM": 293988
}

  raw:
%xt%gmu%1%0%{"MP":27828847,"TSBM":293988,"HMP":62904970}%
---
[08:19:45.732] SERVER -> CLIENT
XT PACKET
  fields:
    type: xt
    command: sce
    request_id: 1
    status: 0
    payload: [["STO",115292]]

  json_payload:
[
  [
    "STO",
    115292
  ]
]

  raw:
%xt%sce%1%0%[["STO",115292]]%
---
[08:19:45.733] SERVER -> CLIENT
XT PACKET
  fields:
    type: xt
    command: msp
    request_id: 1
    status: 0
    payload: {"P":[{"POP":69,"VAL":{"R":[["STO",90]],"OP":1408,"FID":0}}]}

  json_payload:
{
  "P": [
    {
      "POP": 69,
      "VAL": {
        "FID": 0,
        "OP": 1408,
        "R": [
          [
            "STO",
            90
          ]
        ]
      }
    }
  ]
}

  raw:
%xt%msp%1%0%{"P":[{"POP":69,"VAL":{"R":[["STO",90]],"OP":1408,"FID":0}}]}%
---
[08:19:45.734] SERVER -> CLIENT
XT PACKET
  fields:
    type: xt
    command: gcu
    request_id: 1
    status: 0
    payload: {"C1":2140192961,"C2":83067}

  json_payload:
{
  "C1": 2140192961,
  "C2": 83067
}

  raw:
%xt%gcu%1%0%{"C1":2140192961,"C2":83067}%
---
[08:19:45.734] SERVER -> CLIENT
XT PACKET
  fields:
    type: xt
    command: pep
    request_id: 1
    status: 0
    payload: {"OP":[1408],"OR":[406],"EID":3}

  json_payload:
{
  "EID": 3,
  "OP": [
    1408
  ],
  "OR": [
    406
  ]
}

  raw:
%xt%pep%1%0%{"OP":[1408],"OR":[406],"EID":3}%
---
[08:19:45.735] SERVER -> CLIENT
XT PACKET
  fields:
    type: xt
    command: qli
    request_id: 1
    status: 0
    payload: {"QL":[{"QID":1538,"P":[0]},{"QID":130,"P":[0]},{"QID":644,"P":[1]},{"QID":1541,"P":[0]},{"QID":3592,"P":[31]},{"QID":60041,"P":[0,0,0]},{"QID":1417,"P":[0]},{"QID":2317,"P":[0]},{"QID":1421,"P":[0]},{"QID":910,"P":[0]},{"QID":1936,"P":[0]},{"QID":912,"P":[0]},{"QID":2320,"P":[0]},{"QID":1424,"P":[0]},{"QID":60051,"P":[0,1408,-1]},{"QID":404,"P":[0]},{"QID":3476,"P":[1408]},{"QID":1942,"P":[0]},{"QID":3095,"P":[0]},{"QID":536,"P":[4,-1,-1]},{"QID":2201,"P":[0]},{"QID":2204,"P":[0]},{"QID":30,"P":[0]},{"QID":158,"P":[2]},{"QID":415,"P":[-1,18]},{"QID":3488,"P":[0]},{"QID":544,"P":[0]},{"QID":1315,"P":[0]},{"QID":3492,"P":[0]},{"QID":3493,"P":[0]},{"QID":1446,"P":[0]},{"QID":1448,"P":[0]},{"QID":2216,"P":[0]},{"QID":170,"P":[-1,2]},{"QID":559,"P":[-1,0]},{"QID":1843,"P":[0]},{"QID":2227,"P":[0]},{"QID":181,"P":[8]},{"QID":1846,"P":[0]},{"QID":1724,"P":[0]},{"QID":1727,"P":[0]},{"QID":1730,"P":[0]},{"QID":1219,"P":[0]},{"QID":1731,"P":[0]},{"QID":583,"P":[0]},{"QID":3144,"P":[3]},{"QID":1225,"P":[0]},{"QID":3146,"P":[0]},{"QID":2506,"P":[0]},{"QID":61003,"P":[0,-1,0]},{"QID":589,"P":[0]},{"QID":2509,"P":[0]},{"QID":2511,"P":[2]},{"QID":725,"P":[9,-1,-1]},{"QID":471,"P":[0,0]},{"QID":1753,"P":[0]},{"QID":92,"P":[0]},{"QID":1631,"P":[0]},{"QID":479,"P":[3,-1,-1]},{"QID":96,"P":[-1,5,5]},{"QID":1634,"P":[0]},{"QID":868,"P":[0]},{"QID":101,"P":[1]},{"QID":1126,"P":[0]},{"QID":1129,"P":[0]},{"QID":2410,"P":[0]},{"QID":2154,"P":[0]},{"QID":2416,"P":[0]},{"QID":244,"P":[0]},{"QID":2173,"P":[0,-1]},{"QID":1405,"P":[0]},{"QID":254,"P":[2]},{"QID":3019,"P":[0]},{"QID":2605,"P":[0]}],"ANN":[],"R":[8,3,6],"D":[1,2,7]}

  json_payload:
{
  "ANN": [],
  "D": [
    1,
    2,
    7
  ],
  "QL": [
    {
      "P": [
        0
      ],
      "QID": 1538
    },
    {
      "P": [
        0
      ],
      "QID": 130
    },
    {
      "P": [
        1
      ],
      "QID": 644
    },
    {
      "P": [
        0
      ],
      "QID": 1541
    },
    {
      "P": [
        31
      ],
      "QID": 3592
    },
    {
      "P": [
        0,
        0,
        0
      ],
      "QID": 60041
    },
    {
      "P": [
        0
      ],
      "QID": 1417
    },
    {
      "P": [
        0
      ],
      "QID": 2317
    },
    {
      "P": [
        0
      ],
      "QID": 1421
    },
    {
      "P": [
        0
      ],
      "QID": 910
    },
    {
      "P": [
        0
      ],
      "QID": 1936
    },
    {
      "P": [
        0
      ],
      "QID": 912
    },
    {
      "P": [
        0
      ],
      "QID": 2320
    },
    {
      "P": [
        0
      ],
      "QID": 1424
    },
    {
      "P": [
        0,
        1408,
        -1
      ],
      "QID": 60051
    },
    {
      "P": [
        0
      ],
      "QID": 404
    },
    {
      "P": [
        1408
      ],
      "QID": 3476
    },
    {
      "P": [
        0
      ],
      "QID": 1942
    },
    {
      "P": [
        0
      ],
      "QID": 3095
    },
    {
      "P": [
        4,
        -1,
        -1
      ],
      "QID": 536
    },
    {
      "P": [
        0
      ],
      "QID": 2201
    },
    {
      "P": [
        0
      ],
      "QID": 2204
    },
    {
      "P": [
        0
      ],
      "QID": 30
    },
    {
      "P": [
        2
      ],
      "QID": 158
    },
    {
      "P": [
        -1,
        18
      ],
      "QID": 415
    },
    {
      "P": [
        0
      ],
      "QID": 3488
    },
    {
      "P": [
        0
      ],
      "QID": 544
    },
    {
      "P": [
        0
      ],
      "QID": 1315
    },
    {
      "P": [
        0
      ],
      "QID": 3492
    },
    {
      "P": [
        0
      ],
      "QID": 3493
    },
    {
      "P": [
        0
      ],
      "QID": 1446
    },
    {
      "P": [
        0
      ],
      "QID": 1448
    },
    {
      "P": [
        0
      ],
      "QID": 2216
    },
    {
      "P": [
        -1,
        2
      ],
      "QID": 170
    },
    {
      "P": [
        -1,
        0
      ],
      "QID": 559
    },
    {
      "P": [
        0
      ],
      "QID": 1843
    },
    {
      "P": [
        0
      ],
      "QID": 2227
    },
    {
      "P": [
        8
      ],
      "QID": 181
    },
    {
      "P": [
        0
      ],
      "QID": 1846
    },
    {
      "P": [
        0
      ],
      "QID": 1724
    },
    {
      "P": [
        0
      ],
      "QID": 1727
    },
    {
      "P": [
        0
      ],
      "QID": 1730
    },
    {
      "P": [
        0
      ],
      "QID": 1219
    },
    {
      "P": [
        0
      ],
      "QID": 1731
    },
    {
      "P": [
        0
      ],
      "QID": 583
    },
    {
      "P": [
        3
      ],
      "QID": 3144
    },
    {
      "P": [
        0
      ],
      "QID": 1225
    },
    {
      "P": [
        0
      ],
      "QID": 3146
    },
    {
      "P": [
        0
      ],
      "QID": 2506
    },
    {
      "P": [
        0,
        -1,
        0
      ],
      "QID": 61003
    },
    {
      "P": [
        0
      ],
      "QID": 589
    },
    {
      "P": [
        0
      ],
      "QID": 2509
    },
    {
      "P": [
        2
      ],
      "QID": 2511
    },
    {
      "P": [
        9,
        -1,
        -1
      ],
      "QID": 725
    },
    {
      "P": [
        0,
        0
      ],
      "QID": 471
    },
    {
      "P": [
        0
      ],
      "QID": 1753
    },
    {
      "P": [
        0
      ],
      "QID": 92
    },
    {
      "P": [
        0
      ],
      "QID": 1631
    },
    {
      "P": [
        3,
        -1,
        -1
      ],
      "QID": 479
    },
    {
      "P": [
        -1,
        5,
        5
      ],
      "QID": 96
    },
    {
      "P": [
        0
      ],
      "QID": 1634
    },
    {
      "P": [
        0
      ],
      "QID": 868
    },
    {
      "P": [
        1
      ],
      "QID": 101
    },
    {
      "P": [
        0
      ],
      "QID": 1126
    },
    {
      "P": [
        0
      ],
      "QID": 1129
    },
    {
      "P": [
        0
      ],
      "QID": 2410
    },
    {
      "P": [
        0
      ],
      "QID": 2154
    },
    {
      "P": [
        0
      ],
      "QID": 2416
    },
    {
      "P": [
        0
      ],
      "QID": 244
    },
    {
      "P": [
        0,
        -1
      ],
      "QID": 2173
    },
    {
      "P": [
        0
      ],
      "QID": 1405
    },
    {
      "P": [
        2
      ],
      "QID": 254
    },
    {
      "P": [
        0
      ],
      "QID": 3019
    },
    {
      "P": [
        0
      ],
      "QID": 2605
    }
  ],
  "R": [
    8,
    3,
    6
  ]
}

  raw:
%xt%qli%1%0%{"QL":[{"QID":1538,"P":[0]},{"QID":130,"P":[0]},{"QID":644,"P":[1]},{"QID":1541,"P":[0]},{"QID":3592,"P":[31]},{"QID":60041,"P":[0,0,0]},{"QID":1417,"P":[0]},{"QID":2317,"P":[0]},{"QID":1421,"P":[0]},{"QID":910,"P":[0]},{"QID":1936,"P":[0]},{"QID":912,"P":[0]},{"QID":2320,"P":[0]},{"QID":1424,"P":[0]},{"QID":60051,"P":[0,1408,-1]},{"QID":404,"P":[0]},{"QID":3476,"P":[1408]},{"QID":1942,"P":[0]},{"QID":3095,"P":[0]},{"QID":536,"P":[4,-1,-1]},{"QID":2201,"P":[0]},{"QID":2204,"P":[0]},{"QID":30,"P":[0]},{"QID":158,"P":[2]},{"QID":415,"P":[-1,18]},{"QID":3488,"P":[0]},{"QID":544,"P":[0]},{"QID":1315,"P":[0]},{"QID":3492,"P":[0]},{"QID":3493,"P":[0]},{"QID":1446,"P":[0]},{"QID":1448,"P":[0]},{"QID":2216,"P":[0]},{"QID":170,"P":[-1,2]},{"QID":559,"P":[-1,0]},{"QID":1843,"P":[0]},{"QID":2227,"P":[0]},{"QID":181,"P":[8]},{"QID":1846,"P":[0]},{"QID":1724,"P":[0]},{"QID":1727,"P":[0]},{"QID":1730,"P":[0]},{"QID":1219,"P":[0]},{"QID":1731,"P":[0]},{"QID":583,"P":[0]},{"QID":3144,"P":[3]},{"QID":1225,"P":[0]},{"QID":3146,"P":[0]},{"QID":2506,"P":[0]},{"QID":61003,"P":[0,-1,0]},{"QID":589,"P":[0]},{"QID":2509,"P":[0]},{"QID":2511,"P":[2]},{"QID":725,"P":[9,-1,-1]},{"QID":471,"P":[0,0]},{"QID":1753,"P":[0]},{"QID":92,"P":[0]},{"QID":1631,"P":[0]},{"QID":479,"P":[3,-1,-1]},{"QID":96,"P":[-1,5,5]},{"QID":1634,"P":[0]},{"QID":868,"P":[0]},{"QID":101,"P":[1]},{"QID":1126,"P":[0]},{"QID":1129,"P":[0]},{"QID":2410,"P":[0]},{"QID":2154,"P":[0]},{"QID":2416,"P":[0]},{"QID":244,"P":[0]},{"QID":2173,"P":[0,-1]},{"QID":1405,"P":[0]},{"QID":254,"P":[2]},{"QID":3019,"P":[0]},{"QID":2605,"P":[0]}],"ANN":[],"R":[8,3,6],"D":[1,2,7]}%
---
[08:19:45.736] SERVER -> CLIENT
XT PACKET
  fields:
    type: xt
    command: qpg
    request_id: 1
    status: 0
    payload: {"P":[60051,3476]}

  json_payload:
{
  "P": [
    60051,
    3476
  ]
}

  raw:
%xt%qpg%1%0%{"P":[60051,3476]}%
---
[08:19:45.742] SERVER -> CLIENT
XT PACKET
  fields:
    type: xt
    command: gpc
    request_id: 1
    status: 0
    payload: {"A":[{"UH":[1008,1009,1007],"U":{"U":[640,641,642,644,645,261,646,647,391,267,653,654,660,148,661,149,150,278,151,289,301,431,308,309,311,312,316,197,326,337,217,601,602,603,348,606,607,608,611,614,359,617,620,626,629,246,632,633,634,635,637,381,639],"L":[513,524,13,14,535,664,672,546,686,687,205,604,605,609,610,228]},"AID":16011862,"KID":0},{"UH":[1008,1009,1007],"U":{"U":[261,197,326,391,267,337,148,149,278,601,602,603,348,606,607,608,289,359,301,431,308,309,246,311,312,316,381],"L":[640,641,513,642,644,645,646,647,524,653,13,654,14,660,661,150,151,535,664,672,546,686,687,205,217,604,605,609,610,611,228,614,617,620,626,629,632,633,634,635,637,639]},"AID":16681051,"KID":3},{"UH":[1008,1009,1007],"U":{"U":[261,197,326,391,267,337,278,601,602,603,348,606,607,608,289,359,301,431,308,309,246,311,312,316,381],"L":[640,641,513,642,644,645,646,647,524,653,13,654,14,660,148,661,149,150,151,535,664,672,546,686,687,205,217,604,605,609,610,611,228,614,617,620,626,629,632,633,634,635,637,639]},"AID":16366513,"KID":2},{"UH":[1001,1002,1003],"U":{"U":[261,197,326,391,267,337,148,149,278,601,602,603,348,606,607,608,289,359,301,431,308,309,246,311,312,316,381],"L":[640,641,513,642,644,645,646,647,524,653,13,654,14,660,661,150,151,535,664,672,546,686,687,205,217,604,605,609,610,611,228,614,617,620,626,629,632,633,634,635,637,639]},"AID":16673031,"KID":0},{"UH":[1008,1009,1007],"U":{"U":[640,641,642,261,197,326,391,267,653,654,337,148,660,149,661,150,278,601,602,603,348,606,607,608,289,611,614,359,617,620,301,431,308,309,246,311,312,635,316,381],"L":[513,644,645,646,647,524,13,14,151,535,664,672,546,686,687,205,217,604,605,609,610,228,626,629,632,633,634,637,639]},"AID":16366514,"KID":1},{"UH":[1001,1002,1003],"U":{"U":[261,197,326,391,267,337,148,149,278,601,602,603,348,606,607,608,289,359,301,431,308,309,246,311,312,316,381],"L":[640,641,513,642,644,645,646,647,524,653,13,654,14,660,661,150,151,535,664,672,546,686,687,205,217,604,605,609,610,611,228,614,617,620,626,629,632,633,634,635,637,639]},"AID":16632819,"KID":0}]}

  json_payload:
{
  "A": [
    {
      "AID": 16011862,
      "KID": 0,
      "U": {
        "L": [
          513,
          524,
          13,
          14,
          535,
          664,
          672,
          546,
          686,
          687,
          205,
          604,
          605,
          609,
          610,
          228
        ],
        "U": [
          640,
          641,
          642,
          644,
          645,
          261,
          646,
          647,
          391,
          267,
          653,
          654,
          660,
          148,
          661,
          149,
          150,
          278,
          151,
          289,
          301,
          431,
          308,
          309,
          311,
          312,
          316,
          197,
          326,
          337,
          217,
          601,
          602,
          603,
          348,
          606,
          607,
          608,
          611,
          614,
          359,
          617,
          620,
          626,
          629,
          246,
          632,
          633,
          634,
          635,
          637,
          381,
          639
        ]
      },
      "UH": [
        1008,
        1009,
        1007
      ]
    },
    {
      "AID": 16681051,
      "KID": 3,
      "U": {
        "L": [
          640,
          641,
          513,
          642,
          644,
          645,
          646,
          647,
          524,
          653,
          13,
          654,
          14,
          660,
          661,
          150,
          151,
          535,
          664,
          672,
          546,
          686,
          687,
          205,
          217,
          604,
          605,
          609,
          610,
          611,
          228,
          614,
          617,
          620,
          626,
          629,
          632,
          633,
          634,
          635,
          637,
          639
        ],
        "U": [
          261,
          197,
          326,
          391,
          267,
          337,
          148,
          149,
          278,
          601,
          602,
          603,
          348,
          606,
          607,
          608,
          289,
          359,
          301,
          431,
          308,
          309,
          246,
          311,
          312,
          316,
          381
        ]
      },
      "UH": [
        1008,
        1009,
        1007
      ]
    },
    {
      "AID": 16366513,
      "KID": 2,
      "U": {
        "L": [
          640,
          641,
          513,
          642,
          644,
          645,
          646,
          647,
          524,
          653,
          13,
          654,
          14,
          660,
          148,
          661,
          149,
          150,
          151,
          535,
          664,
          672,
          546,
          686,
          687,
          205,
          217,
          604,
          605,
          609,
          610,
          611,
          228,
          614,
          617,
          620,
          626,
          629,
          632,
          633,
          634,
          635,
          637,
          639
        ],
        "U": [
          261,
          197,
          326,
          391,
          267,
          337,
          278,
          601,
          602,
          603,
          348,
          606,
          607,
          608,
          289,
          359,
          301,
          431,
          308,
          309,
          246,
          311,
          312,
          316,
          381
        ]
      },
      "UH": [
        1008,
        1009,
        1007
      ]
    },
    {
      "AID": 16673031,
      "KID": 0,
      "U": {
        "L": [
          640,
          641,
          513,
          642,
          644,
          645,
          646,
          647,
          524,
          653,
          13,
          654,
          14,
          660,
          661,
          150,
          151,
          535,
          664,
          672,
          546,
          686,
          687,
          205,
          217,
          604,
          605,
          609,
          610,
          611,
          228,
          614,
          617,
          620,
          626,
          629,
          632,
          633,
          634,
          635,
          637,
          639
        ],
        "U": [
          261,
          197,
          326,
          391,
          267,
          337,
          148,
          149,
          278,
          601,
          602,
          603,
          348,
          606,
          607,
          608,
          289,
          359,
          301,
          431,
          308,
          309,
          246,
          311,
          312,
          316,
          381
        ]
      },
      "UH": [
        1001,
        1002,
        1003
      ]
    },
    {
      "AID": 16366514,
      "KID": 1,
      "U": {
        "L": [
          513,
          644,
          645,
          646,
          647,
          524,
          13,
          14,
          151,
          535,
          664,
          672,
          546,
          686,
          687,
          205,
          217,
          604,
          605,
          609,
          610,
          228,
          626,
          629,
          632,
          633,
          634,
          637,
          639
        ],
        "U": [
          640,
          641,
          642,
          261,
          197,
          326,
          391,
          267,
          653,
          654,
          337,
          148,
          660,
          149,
          661,
          150,
          278,
          601,
          602,
          603,
          348,
          606,
          607,
          608,
          289,
          611,
          614,
          359,
          617,
          620,
          301,
          431,
          308,
          309,
          246,
          311,
          312,
          635,
          316,
          381
        ]
      },
      "UH": [
        1008,
        1009,
        1007
      ]
    },
    {
      "AID": 16632819,
      "KID": 0,
      "U": {
        "L": [
          640,
          641,
          513,
          642,
          644,
          645,
          646,
          647,
          524,
          653,
          13,
          654,
          14,
          660,
          661,
          150,
          151,
          535,
          664,
          672,
          546,
          686,
          687,
          205,
          217,
          604,
          605,
          609,
          610,
          611,
          228,
          614,
          617,
          620,
          626,
          629,
          632,
          633,
          634,
          635,
          637,
          639
        ],
        "U": [
          261,
          197,
          326,
          391,
          267,
          337,
          148,
          149,
          278,
          601,
          602,
          603,
          348,
          606,
          607,
          608,
          289,
          359,
          301,
          431,
          308,
          309,
          246,
          311,
          312,
          316,
          381
        ]
      },
      "UH": [
        1001,
        1002,
        1003
      ]
    }
  ]
}

  raw:
%xt%gpc%1%0%{"A":[{"UH":[1008,1009,1007],"U":{"U":[640,641,642,644,645,261,646,647,391,267,653,654,660,148,661,149,150,278,151,289,301,431,308,309,311,312,316,197,326,337,217,601,602,603,348,606,607,608,611,614,359,617,620,626,629,246,632,633,634,635,637,381,639],"L":[513,524,13,14,535,664,672,546,686,687,205,604,605,609,610,228]},"AID":16011862,"KID":0},{"UH":[1008,1009,1007],"U":{"U":[261,197,326,391,267,337,148,149,278,601,602,603,348,606,607,608,289,359,301,431,308,309,246,311,312,316,381],"L":[640,641,513,642,644,645,646,647,524,653,13,654,14,660,661,150,151,535,664,672,546,686,687,205,217,604,605,609,610,611,228,614,617,620,626,629,632,633,634,635,637,639]},"AID":16681051,"KID":3},{"UH":[1008,1009,1007],"U":{"U":[261,197,326,391,267,337,278,601,602,603,348,606,607,608,289,359,301,431,308,309,246,311,312,316,381],"L":[640,641,513,642,644,645,646,647,524,653,13,654,14,660,148,661,149,150,151,535,664,672,546,686,687,205,217,604,605,609,610,611,228,614,617,620,626,629,632,633,634,635,637,639]},"AID":16366513,"KID":2},{"UH":[1001,1002,1003],"U":{"U":[261,197,326,391,267,337,148,149,278,601,602,603,348,606,607,608,289,359,301,431,308,309,246,311,312,316,381],"L":[640,641,513,642,644,645,646,647,524,653,13,654,14,660,661,150,151,535,664,672,546,686,687,205,217,604,605,609,610,611,228,614,617,620,626,629,632,633,634,635,637,639]},"AID":16673031,"KID":0},{"UH":[1008,1009,1007],"U":{"U":[640,641,642,261,197,326,391,267,653,654,337,148,660,149,661,150,278,601,602,603,348,606,607,608,289,611,614,359,617,620,301,431,308,309,246,311,312,635,316,381],"L":[513,644,645,646,647,524,13,14,151,535,664,672,546,686,687,205,217,604,605,609,610,228,626,629,632,633,634,637,639]},"AID":16366514,"KID":1},{"UH":[1001,1002,1003],"U":{"U":[261,197,326,391,267,337,148,149,278,601,602,603,348,606,607,608,289,359,301,431,308,309,246,311,312,316,381],"L":[640,641,513,642,644,645,646,647,524,653,13,654,14,660,661,150,151,535,664,672,546,686,687,205,217,604,605,609,610,611,228,614,617,620,626,629,632,633,634,635,637,639]},"AID":16632819,"KID":0}]}%
---
[08:19:45.745] SERVER -> CLIENT
XT PACKET
  fields:
    type: xt
    command: cat
    request_id: 1
    status: 0
    payload: {"A":{"M":{"MID":71199959,"PT":0,"TT":28,"D":1,"TID":16862926,"T":2,"HBW":1023,"KID":10,"TA":[15,1310,111,293,16862926,0,2,2,2,0,"Camp Ventrilo",0,-1,-1,-1,-1,10,0,0],"SID":-411,"OID":16862926,"SA":[17,1097,68,-411,0,[],-1,60,40852,32]},"UM":{"PWD":0,"TWD":0,"L":{"ID":0,"WID":2,"VIS":0,"N":"","GID":105,"L":30,"ST":2,"W":8720,"D":43,"SPR":2906,"EQ":[[6540437167,1,2,5,-1,[[4,100,[117.0]],[5,100,[77.0]],[109,100,[48.0]],[115,100,[45.0]]],-1,-1,0,-1,-1,3,[1,7,5000,[4619725,31,2,2240,[[207,50,[4.4]],[206,45,[8.2]],[208,29,[9.8]]],0]]],[6541852847,2,2,5,-1,[[1,100,[87.0]],[2,100,[87.0]],[115,100,[45.0]],[108,100,[48.0]]],-1,-1,0,-1,-1,3,[2,7,5000,[4625321,31,4,2590,[[204,39,[3.8]],[208,61,[14.9]],[206,59,[9.7]]],0]]],[6540429546,3,2,5,-1,[[3,68,[115.4]],[6,76,[75.8]],[115,80,[37.0]],[116,77,[76.6]]],-1,-1,0,-1,-1,3,[3,7,4010,[4615428,31,5,2640,[[201,51,[8.9]],[206,53,[9.1]],[208,60,[14.7]]],0]]],[6541854106,4,2,5,-1,[[7,100,[17.0]],[114,100,[28.0]],[121,100,[215,1000.0]],[110,100,[38.0]]],-1,-1,0,-1,-1,3,[4,7,5000,[4637976,31,4,2350,[[205,28,[6.4]],[207,45,[4.1]],[206,62,[10.0]]],0]]],[6553056944,5,2,0,0,[[21,[6.0]]],1071,-1,0,600007,-1,2],[6541854072,6,2,15,-1,[[512,75,[44.0]],[510,39,[22.4]],[514,37,[12.4]],[513,61,[23.3]],[20015,40,[22,36.0,23,36.0]],[20017,73,[195,16.0,196,16.0,197,16.0,198,16.0,199,16.0,200,16.0,201,16.0,202,16.0,203,16.0,204,16.0,205,16.0,206,16.0,207,16.0,208,16.0,209,16.0,210,16.0,211,16.0,212,16.0,213,16.0,214,16.0,215,16.0,216,16.0,217,16.0,218,16.0,219,16.0,220,16.0,221,16.0,222,16.0,223,16.0,224,16.0,225,16.0,226,16.0,227,16.0,228,16.0,229,16.0,230,16.0,231,16.0,232,16.0,233,16.0,234,16.0,235,16.0,236,16.0,237,16.0,238,16.0]]],-1,-1,0,-1,-1,3,[62,6,3120,[]]]],"GASAIDS":[[101053,10393],[101052,10113]],"SIDS":[10510393,10510113,105048,105024],"AE":[[53,[20.0],"TL"],[73,[15.0],"TL"],[506,[50.0],"AS"]]}},"A":[[14,69],[10,278]],"G":[["W",6136],["S",6364],["F",9375],["C1",29480],["C2",22]],"S":0},"O":[{},{"OID":16862926,"DUM":false,"N":"Ventrilo","E":{"BGT":0,"BGC1":1644825,"BGC2":1644825,"SPT":1,"S1":42,"SC1":1644825,"S2":42,"SC2":1644825,"IS":1},"L":70,"LL":950,"H":839,"AVP":61745,"CF":26494216,"HF":147045694,"PRE":13,"SUF":28,"TOPX":-1,"MP":27828847,"R":0,"AID":189639,"AR":7,"AN":"Sons of Guelon","aee":{"ACCA":{"ACLI":11,"ACCS":[4,3,12]},"ACFB":{"ACLI":3,"ACCS":[4,3]}},"RPT":4193376,"AP":[[0,16011862,509,405,1],[0,16632819,505,407,4],[0,16673031,509,407,4],[1,16366514,593,613,12],[2,16366513,654,696,12],[3,16681051,688,582,12],[[10,293,1310,111]]],"VP":[[1,610985,612,588,10],[1,713871,585,658,10],[1,725272,624,582,10],[1,2548320,501,589,10],[1,2548324,494,596,10],[1,2840852,486,575,10]],"SA":0,"VF":0,"PF":0,"RRD":0,"TI":-1,"FN":{"MC":293,"FID":0,"TID":111,"NS":-1,"PMS":-1,"PMT":0,"SPC":0}}]}

  json_payload:
{
  "A": {
    "A": [
      [
        14,
        69
      ],
      [
        10,
        278
      ]
    ],
    "G": [
      [
        "W",
        6136
      ],
      [
        "S",
        6364
      ],
      [
        "F",
        9375
      ],
      [
        "C1",
        29480
      ],
      [
        "C2",
        22
      ]
    ],
    "M": {
      "D": 1,
      "HBW": 1023,
      "KID": 10,
      "MID": 71199959,
      "OID": 16862926,
      "PT": 0,
      "SA": [
        17,
        1097,
        68,
        -411,
        0,
        [],
        -1,
        60,
        40852,
        32
      ],
      "SID": -411,
      "T": 2,
      "TA": [
        15,
        1310,
        111,
        293,
        16862926,
        0,
        2,
        2,
        2,
        0,
        "Camp Ventrilo",
        0,
        -1,
        -1,
        -1,
        -1,
        10,
        0,
        0
      ],
      "TID": 16862926,
      "TT": 28
    },
    "S": 0,
    "UM": {
      "L": {
        "AE": [
          [
            53,
            [
              20.0
            ],
            "TL"
          ],
          [
            73,
            [
              15.0
            ],
            "TL"
          ],
          [
            506,
            [
              50.0
            ],
            "AS"
          ]
        ],
        "D": 43,
        "EQ": [
          [
            6540437167,
            1,
            2,
            5,
            -1,
            [
              [
                4,
                100,
                [
                  117.0
                ]
              ],
              [
                5,
                100,
                [
                  77.0
                ]
              ],
              [
                109,
                100,
                [
                  48.0
                ]
              ],
              [
                115,
                100,
                [
                  45.0
                ]
              ]
            ],
            -1,
            -1,
            0,
            -1,
            -1,
            3,
            [
              1,
              7,
              5000,
              [
                4619725,
                31,
                2,
                2240,
                [
                  [
                    207,
                    50,
                    [
                      4.4
                    ]
                  ],
                  [
                    206,
                    45,
                    [
                      8.2
                    ]
                  ],
                  [
                    208,
                    29,
                    [
                      9.8
                    ]
                  ]
                ],
                0
              ]
            ]
          ],
          [
            6541852847,
            2,
            2,
            5,
            -1,
            [
              [
                1,
                100,
                [
                  87.0
                ]
              ],
              [
                2,
                100,
                [
                  87.0
                ]
              ],
              [
                115,
                100,
                [
                  45.0
                ]
              ],
              [
                108,
                100,
                [
                  48.0
                ]
              ]
            ],
            -1,
            -1,
            0,
            -1,
            -1,
            3,
            [
              2,
              7,
              5000,
              [
                4625321,
                31,
                4,
                2590,
                [
                  [
                    204,
                    39,
                    [
                      3.8
                    ]
                  ],
                  [
                    208,
                    61,
                    [
                      14.9
                    ]
                  ],
                  [
                    206,
                    59,
                    [
                      9.7
                    ]
                  ]
                ],
                0
              ]
            ]
          ],
          [
            6540429546,
            3,
            2,
            5,
            -1,
            [
              [
                3,
                68,
                [
                  115.4
                ]
              ],
              [
                6,
                76,
                [
                  75.8
                ]
              ],
              [
                115,
                80,
                [
                  37.0
                ]
              ],
              [
                116,
                77,
                [
                  76.6
                ]
              ]
            ],
            -1,
            -1,
            0,
            -1,
            -1,
            3,
            [
              3,
              7,
              4010,
              [
                4615428,
                31,
                5,
                2640,
                [
                  [
                    201,
                    51,
                    [
                      8.9
                    ]
                  ],
                  [
                    206,
                    53,
                    [
                      9.1
                    ]
                  ],
                  [
                    208,
                    60,
                    [
                      14.7
                    ]
                  ]
                ],
                0
              ]
            ]
          ],
          [
            6541854106,
            4,
            2,
            5,
            -1,
            [
              [
                7,
                100,
                [
                  17.0
                ]
              ],
              [
                114,
                100,
                [
                  28.0
                ]
              ],
              [
                121,
                100,
                [
                  215,
                  1000.0
                ]
              ],
              [
                110,
                100,
                [
                  38.0
                ]
              ]
            ],
            -1,
            -1,
            0,
            -1,
            -1,
            3,
            [
              4,
              7,
              5000,
              [
                4637976,
                31,
                4,
                2350,
                [
                  [
                    205,
                    28,
                    [
                      6.4
                    ]
                  ],
                  [
                    207,
                    45,
                    [
                      4.1
                    ]
                  ],
                  [
                    206,
                    62,
                    [
                      10.0
                    ]
                  ]
                ],
                0
              ]
            ]
          ],
          [
            6553056944,
            5,
            2,
            0,
            0,
            [
              [
                21,
                [
                  6.0
                ]
              ]
            ],
            1071,
            -1,
            0,
            600007,
            -1,
            2
          ],
          [
            6541854072,
            6,
            2,
            15,
            -1,
            [
              [
                512,
                75,
                [
                  44.0
                ]
              ],
              [
                510,
                39,
                [
                  22.4
                ]
              ],
              [
                514,
                37,
                [
                  12.4
                ]
              ],
              [
                513,
                61,
                [
                  23.3
                ]
              ],
              [
                20015,
                40,
                [
                  22,
                  36.0,
                  23,
                  36.0
                ]
              ],
              [
                20017,
                73,
                [
                  195,
                  16.0,
                  196,
                  16.0,
                  197,
                  16.0,
                  198,
                  16.0,
                  199,
                  16.0,
                  200,
                  16.0,
                  201,
                  16.0,
                  202,
                  16.0,
                  203,
                  16.0,
                  204,
                  16.0,
                  205,
                  16.0,
                  206,
                  16.0,
                  207,
                  16.0,
                  208,
                  16.0,
                  209,
                  16.0,
                  210,
                  16.0,
                  211,
                  16.0,
                  212,
                  16.0,
                  213,
                  16.0,
                  214,
                  16.0,
                  215,
                  16.0,
                  216,
                  16.0,
                  217,
                  16.0,
                  218,
                  16.0,
                  219,
                  16.0,
                  220,
                  16.0,
                  221,
                  16.0,
                  222,
                  16.0,
                  223,
                  16.0,
                  224,
                  16.0,
                  225,
                  16.0,
                  226,
                  16.0,
                  227,
                  16.0,
                  228,
                  16.0,
                  229,
                  16.0,
                  230,
                  16.0,
                  231,
                  16.0,
                  232,
                  16.0,
                  233,
                  16.0,
                  234,
                  16.0,
                  235,
                  16.0,
                  236,
                  16.0,
                  237,
                  16.0,
                  238,
                  16.0
                ]
              ]
            ],
            -1,
            -1,
            0,
            -1,
            -1,
            3,
            [
              62,
              6,
              3120,
              []
            ]
          ]
        ],
        "GASAIDS": [
          [
            101053,
            10393
          ],
          [
            101052,
            10113
          ]
        ],
        "GID": 105,
        "ID": 0,
        "L": 30,
        "N": "",
        "SIDS": [
          10510393,
          10510113,
          105048,
          105024
        ],
        "SPR": 2906,
        "ST": 2,
        "VIS": 0,
        "W": 8720,
        "WID": 2
      },
      "PWD": 0,
      "TWD": 0
    }
  },
  "O": [
    {},
    {
      "AID": 189639,
      "AN": "Sons of Guelon",
      "AP": [
        [
          0,
          16011862,
          509,
          405,
          1
        ],
        [
          0,
          16632819,
          505,
          407,
          4
        ],
        [
          0,
          16673031,
          509,
          407,
          4
        ],
        [
          1,
          16366514,
          593,
          613,
          12
        ],
        [
          2,
          16366513,
          654,
          696,
          12
        ],
        [
          3,
          16681051,
          688,
          582,
          12
        ],
        [
          [
            10,
            293,
            1310,
            111
          ]
        ]
      ],
      "AR": 7,
      "AVP": 61745,
      "CF": 26494216,
      "DUM": false,
      "E": {
        "BGC1": 1644825,
        "BGC2": 1644825,
        "BGT": 0,
        "IS": 1,
        "S1": 42,
        "S2": 42,
        "SC1": 1644825,
        "SC2": 1644825,
        "SPT": 1
      },
      "FN": {
        "FID": 0,
        "MC": 293,
        "NS": -1,
        "PMS": -1,
        "PMT": 0,
        "SPC": 0,
        "TID": 111
      },
      "H": 839,
      "HF": 147045694,
      "L": 70,
      "LL": 950,
      "MP": 27828847,
      "N": "Ventrilo",
      "OID": 16862926,
      "PF": 0,
      "PRE": 13,
      "R": 0,
      "RPT": 4193376,
      "RRD": 0,
      "SA": 0,
      "SUF": 28,
      "TI": -1,
      "TOPX": -1,
      "VF": 0,
      "VP": [
        [
          1,
          610985,
          612,
          588,
          10
        ],
        [
          1,
          713871,
          585,
          658,
          10
        ],
        [
          1,
          725272,
          624,
          582,
          10
        ],
        [
          1,
          2548320,
          501,
          589,
          10
        ],
        [
          1,
          2548324,
          494,
          596,
          10
        ],
        [
          1,
          2840852,
          486,
          575,
          10
        ]
      ],
      "aee": {
        "ACCA": {
          "ACCS": [
            4,
            3,
            12
          ],
          "ACLI": 11
        },
        "ACFB": {
          "ACCS": [
            4,
            3
          ],
          "ACLI": 3
        }
      }
    }
  ]
}

  raw:
%xt%cat%1%0%{"A":{"M":{"MID":71199959,"PT":0,"TT":28,"D":1,"TID":16862926,"T":2,"HBW":1023,"KID":10,"TA":[15,1310,111,293,16862926,0,2,2,2,0,"Camp Ventrilo",0,-1,-1,-1,-1,10,0,0],"SID":-411,"OID":16862926,"SA":[17,1097,68,-411,0,[],-1,60,40852,32]},"UM":{"PWD":0,"TWD":0,"L":{"ID":0,"WID":2,"VIS":0,"N":"","GID":105,"L":30,"ST":2,"W":8720,"D":43,"SPR":2906,"EQ":[[6540437167,1,2,5,-1,[[4,100,[117.0]],[5,100,[77.0]],[109,100,[48.0]],[115,100,[45.0]]],-1,-1,0,-1,-1,3,[1,7,5000,[4619725,31,2,2240,[[207,50,[4.4]],[206,45,[8.2]],[208,29,[9.8]]],0]]],[6541852847,2,2,5,-1,[[1,100,[87.0]],[2,100,[87.0]],[115,100,[45.0]],[108,100,[48.0]]],-1,-1,0,-1,-1,3,[2,7,5000,[4625321,31,4,2590,[[204,39,[3.8]],[208,61,[14.9]],[206,59,[9.7]]],0]]],[6540429546,3,2,5,-1,[[3,68,[115.4]],[6,76,[75.8]],[115,80,[37.0]],[116,77,[76.6]]],-1,-1,0,-1,-1,3,[3,7,4010,[4615428,31,5,2640,[[201,51,[8.9]],[206,53,[9.1]],[208,60,[14.7]]],0]]],[6541854106,4,2,5,-1,[[7,100,[17.0]],[114,100,[28.0]],[121,100,[215,1000.0]],[110,100,[38.0]]],-1,-1,0,-1,-1,3,[4,7,5000,[4637976,31,4,2350,[[205,28,[6.4]],[207,45,[4.1]],[206,62,[10.0]]],0]]],[6553056944,5,2,0,0,[[21,[6.0]]],1071,-1,0,600007,-1,2],[6541854072,6,2,15,-1,[[512,75,[44.0]],[510,39,[22.4]],[514,37,[12.4]],[513,61,[23.3]],[20015,40,[22,36.0,23,36.0]],[20017,73,[195,16.0,196,16.0,197,16.0,198,16.0,199,16.0,200,16.0,201,16.0,202,16.0,203,16.0,204,16.0,205,16.0,206,16.0,207,16.0,208,16.0,209,16.0,210,16.0,211,16.0,212,16.0,213,16.0,214,16.0,215,16.0,216,16.0,217,16.0,218,16.0,219,16.0,220,16.0,221,16.0,222,16.0,223,16.0,224,16.0,225,16.0,226,16.0,227,16.0,228,16.0,229,16.0,230,16.0,231,16.0,232,16.0,233,16.0,234,16.0,235,16.0,236,16.0,237,16.0,238,16.0]]],-1,-1,0,-1,-1,3,[62,6,3120,[]]]],"GASAIDS":[[101053,10393],[101052,10113]],"SIDS":[10510393,10510113,105048,105024],"AE":[[53,[20.0],"TL"],[73,[15.0],"TL"],[506,[50.0],"AS"]]}},"A":[[14,69],[10,278]],"G":[["W",6136],["S",6364],["F",9375],["C1",29480],["C2",22]],"S":0},"O":[{},{"OID":16862926,"DUM":false,"N":"Ventrilo","E":{"BGT":0,"BGC1":1644825,"BGC2":1644825,"SPT":1,"S1":42,"SC1":1644825,"S2":42,"SC2":1644825,"IS":1},"L":70,"LL":950,"H":839,"AVP":61745,"CF":26494216,"HF":147045694,"PRE":13,"SUF":28,"TOPX":-1,"MP":27828847,"R":0,"AID":189639,"AR":7,"AN":"Sons of Guelon","aee":{"ACCA":{"ACLI":11,"ACCS":[4,3,12]},"ACFB":{"ACLI":3,"ACCS":[4,3]}},"RPT":4193376,"AP":[[0,16011862,509,405,1],[0,16632819,505,407,4],[0,16673031,509,407,4],[1,16366514,593,613,12],[2,16366513,654,696,12],[3,16681051,688,582,12],[[10,293,1310,111]]],"VP":[[1,610985,612,588,10],[1,713871,585,658,10],[1,725272,624,582,10],[1,2548320,501,589,10],[1,2548324,494,596,10],[1,2840852,486,575,10]],"SA":0,"VF":0,"PF":0,"RRD":0,"TI":-1,"FN":{"MC":293,"FID":0,"TID":111,"NS":-1,"PMS":-1,"PMT":0,"SPC":0}}]}%
---
[08:19:45.762] SERVER -> CLIENT
XT PACKET
  fields:
    type: xt
    command: gaa
    request_id: 1
    status: 0
    payload: {"KID":10,"uap":{"KID":10,"NS":-1,"PMS":-1,"PMT":0},"OI":[],"AI":[[17,1097,68,-411,0,[],-1,60,40852,32]]}

  json_payload:
{
  "AI": [
    [
      17,
      1097,
      68,
      -411,
      0,
      [],
      -1,
      60,
      40852,
      32
    ]
  ],
  "KID": 10,
  "OI": [],
  "uap": {
    "KID": 10,
    "NS": -1,
    "PMS": -1,
    "PMT": 0
  }
}

  raw:
%xt%gaa%1%0%{"KID":10,"uap":{"KID":10,"NS":-1,"PMS":-1,"PMT":0},"OI":[],"AI":[[17,1097,68,-411,0,[],-1,60,40852,32]]}%
---
[08:19:45.763] SERVER -> CLIENT
XT PACKET
  fields:
    type: xt
    command: gaa
    request_id: 1
    status: 0
    payload: {"KID":10,"uap":{"KID":10,"NS":-1,"PMS":-1,"PMT":0},"OI":[],"AI":[[17,1084,83,-411,0,[[1097,68]],-1,60,49888,33]]}

  json_payload:
{
  "AI": [
    [
      17,
      1084,
      83,
      -411,
      0,
      [
        [
          1097,
          68
        ]
      ],
      -1,
      60,
      49888,
      33
    ]
  ],
  "KID": 10,
  "OI": [],
  "uap": {
    "KID": 10,
    "NS": -1,
    "PMS": -1,
    "PMT": 0
  }
}

  raw:
%xt%gaa%1%0%{"KID":10,"uap":{"KID":10,"NS":-1,"PMS":-1,"PMT":0},"OI":[],"AI":[[17,1084,83,-411,0,[[1097,68]],-1,60,49888,33]]}%
---
[08:19:45.763] SERVER -> CLIENT
XT PACKET
  fields:
    type: xt
    command: gaa
    request_id: 1
    status: 0
    payload: {"KID":10,"uap":{"KID":10,"NS":-1,"PMS":-1,"PMT":0},"OI":[],"AI":[[16,1100,69,-411,[[1097,68]],-1,30,0,1]]}

  json_payload:
{
  "AI": [
    [
      16,
      1100,
      69,
      -411,
      [
        [
          1097,
          68
        ]
      ],
      -1,
      30,
      0,
      1
    ]
  ],
  "KID": 10,
  "OI": [],
  "uap": {
    "KID": 10,
    "NS": -1,
    "PMS": -1,
    "PMT": 0
  }
}

  raw:
%xt%gaa%1%0%{"KID":10,"uap":{"KID":10,"NS":-1,"PMS":-1,"PMT":0},"OI":[],"AI":[[16,1100,69,-411,[[1097,68]],-1,30,0,1]]}%
---
[08:19:45.765] SERVER -> CLIENT
XT PACKET
  fields:
    type: xt
    command: gaa
    request_id: 1
    status: 0
    payload: {"KID":10,"uap":{"KID":10,"NS":-1,"PMS":-1,"PMT":0},"OI":[],"AI":[[16,1093,68,-411,[[1097,68]],-1,30,0,1]]}

  json_payload:
{
  "AI": [
    [
      16,
      1093,
      68,
      -411,
      [
        [
          1097,
          68
        ]
      ],
      -1,
      30,
      0,
      1
    ]
  ],
  "KID": 10,
  "OI": [],
  "uap": {
    "KID": 10,
    "NS": -1,
    "PMS": -1,
    "PMT": 0
  }
}

  raw:
%xt%gaa%1%0%{"KID":10,"uap":{"KID":10,"NS":-1,"PMS":-1,"PMT":0},"OI":[],"AI":[[16,1093,68,-411,[[1097,68]],-1,30,0,1]]}%
---
[08:19:45.765] SERVER -> CLIENT
XT PACKET
  fields:
    type: xt
    command: gaa
    request_id: 1
    status: 0
    payload: {"KID":10,"uap":{"KID":10,"NS":-1,"PMS":-1,"PMT":0},"OI":[],"AI":[[16,1092,70,-411,[[1097,68]],-1,30,0,1]]}

  json_payload:
{
  "AI": [
    [
      16,
      1092,
      70,
      -411,
      [
        [
          1097,
          68
        ]
      ],
      -1,
      30,
      0,
      1
    ]
  ],
  "KID": 10,
  "OI": [],
  "uap": {
    "KID": 10,
    "NS": -1,
    "PMS": -1,
    "PMT": 0
  }
}

  raw:
%xt%gaa%1%0%{"KID":10,"uap":{"KID":10,"NS":-1,"PMS":-1,"PMT":0},"OI":[],"AI":[[16,1092,70,-411,[[1097,68]],-1,30,0,1]]}%
---
[08:19:45.766] SERVER -> CLIENT
XT PACKET
  fields:
    type: xt
    command: sne
    request_id: 1
    status: 0
    payload: {"MSG":[[2214967591,6,"17+0+0#10+-411+","",-1,0,0,0,0]]}

  json_payload:
{
  "MSG": [
    [
      2214967591,
      6,
      "17+0+0#10+-411+",
      "",
      -1,
      0,
      0,
      0,
      0
    ]
  ]
}

  raw:
%xt%sne%1%0%{"MSG":[[2214967591,6,"17+0+0#10+-411+","",-1,0,0,0,0]]}%
---
[08:19:45.766] SERVER -> CLIENT
XT PACKET
  fields:
    type: xt
    command: dms
    request_id: 1
    status: 0
    payload: {"MID":[2214958936]}

  json_payload:
{
  "MID": [
    2214958936
  ]
}

  raw:
%xt%dms%1%0%{"MID":[2214958936]}%
---
[08:19:45.858] CLIENT -> SERVER
XT PACKET
  fields:
    type: xt
    server_header: EmpireEx_21
    command: gaa
    request_id: 1
    payload: {"KID":10,"AX1":1079,"AY1":78,"AX2":1091,"AY2":90}

  json_payload:
{
  "AX1": 1079,
  "AX2": 1091,
  "AY1": 78,
  "AY2": 90,
  "KID": 10
}

  raw:
%xt%EmpireEx_21%gaa%1%{"KID":10,"AX1":1079,"AY1":78,"AX2":1091,"AY2":90}%
---
[08:19:45.965] SERVER -> CLIENT
XT PACKET
  fields:
    type: xt
    command: gaa
    request_id: 1
    status: 0
    payload: {"KID":10,"uap":{"KID":10,"NS":-1,"PMS":-1,"PMT":0},"OI":[],"AI":[[31,1079,78],[31,1080,89],[16,1081,81,-411,[[1084,83]],-1,30,0,1],[31,1081,83],[31,1081,85],[31,1081,87],[31,1082,79],[31,1083,81],[31,1083,87],[31,1083,89],[17,1084,83,-411,0,[[1097,68]],-1,60,49888,33],[16,1084,85,-411,[[1084,83]],-1,30,0,1],[31,1085,80],[31,1085,89],[16,1086,82,-411,[[1084,83]],-1,30,0,1],[31,1086,84],[31,1087,79],[31,1087,86],[31,1088,89],[31,1090,78],[31,1090,81],[31,1090,83],[31,1090,85],[31,1090,87]]}

  json_payload:
{
  "AI": [
    [
      31,
      1079,
      78
    ],
    [
      31,
      1080,
      89
    ],
    [
      16,
      1081,
      81,
      -411,
      [
        [
          1084,
          83
        ]
      ],
      -1,
      30,
      0,
      1
    ],
    [
      31,
      1081,
      83
    ],
    [
      31,
      1081,
      85
    ],
    [
      31,
      1081,
      87
    ],
    [
      31,
      1082,
      79
    ],
    [
      31,
      1083,
      81
    ],
    [
      31,
      1083,
      87
    ],
    [
      31,
      1083,
      89
    ],
    [
      17,
      1084,
      83,
      -411,
      0,
      [
        [
          1097,
          68
        ]
      ],
      -1,
      60,
      49888,
      33
    ],
    [
      16,
      1084,
      85,
      -411,
      [
        [
          1084,
          83
        ]
      ],
      -1,
      30,
      0,
      1
    ],
    [
      31,
      1085,
      80
    ],
    [
      31,
      1085,
      89
    ],
    [
      16,
      1086,
      82,
      -411,
      [
        [
          1084,
          83
        ]
      ],
      -1,
      30,
      0,
      1
    ],
    [
      31,
      1086,
      84
    ],
    [
      31,
      1087,
      79
    ],
    [
      31,
      1087,
      86
    ],
    [
      31,
      1088,
      89
    ],
    [
      31,
      1090,
      78
    ],
    [
      31,
      1090,
      81
    ],
    [
      31,
      1090,
      83
    ],
    [
      31,
      1090,
      85
    ],
    [
      31,
      1090,
      87
    ]
  ],
  "KID": 10,
  "OI": [],
  "uap": {
    "KID": 10,
    "NS": -1,
    "PMS": -1,
    "PMT": 0
  }
}

  raw:
%xt%gaa%1%0%{"KID":10,"uap":{"KID":10,"NS":-1,"PMS":-1,"PMT":0},"OI":[],"AI":[[31,1079,78],[31,1080,89],[16,1081,81,-411,[[1084,83]],-1,30,0,1],[31,1081,83],[31,1081,85],[31,1081,87],[31,1082,79],[31,1083,81],[31,1083,87],[31,1083,89],[17,1084,83,-411,0,[[1097,68]],-1,60,49888,33],[16,1084,85,-411,[[1084,83]],-1,30,0,1],[31,1085,80],[31,1085,89],[16,1086,82,-411,[[1084,83]],-1,30,0,1],[31,1086,84],[31,1087,79],[31,1087,86],[31,1088,89],[31,1090,78],[31,1090,81],[31,1090,83],[31,1090,85],[31,1090,87]]}%
---
